proto,proto,scalapb/scalapb.proto,@scalaapis//scalapb:scalapb_proto
protobuf,_scala_library,scalapb/scalapb.proto,@scalaapis//scalapb:scalapb_scala_library
protobuf,_scala_library,lib.WithSnapshot,//lib:scala
